a.s.	Generiek
a.u.b.	Generiek
afd.	Generiek
afz.	Generiek
b.g.g.	Generiek
bv.	Generiek
c.c.	Generiek
c.g.	Generiek
ca.	Generiek
cm.	Generiek
d.d.	Generiek
d.m.v.	Generiek
d.w.z.	Generiek
dhr.	Generiek
Dr.	Generiek
drs.	Generiek
ds.	Generiek
e.a.	Generiek
e.d.	Generiek
e.e.a.	Generiek
e.k.	Generiek
enz.	Generiek
etc.	Generiek
ev.	Generiek
ex.	Generiek
excl.	Generiek
i.o.v.	Generiek
i.p.v.	Generiek
i.s.m.	Generiek
i.v.m.	Generiek
i.z.g.st.	Generiek
id.	Generiek
incl.	Generiek
jl.	Generiek
kg.	Generiek
km.	Generiek
ll.	Generiek
m.a.w.	Generiek
m.b.t.	Generiek
m.i.	Generiek
m.i.v.	Generiek
m.m.v.	Generiek
m.n.	Generiek
m.u.v.	Generiek
mevr.	Generiek
mm.	Generiek
mw.	Generiek
n.a.v.	Generiek
n.m.	Generiek
n.n.b.	Generiek
n.o.t.k.	Generiek
n.t.b.	Generiek
n.v.t.	Generiek
nl.	Generiek
nr.	Generiek
o.a.	Generiek
o.g.	Generiek
o.i.	Generiek
p.a.	Generiek
p.d.	Generiek
p.o.	Generiek
p.p.	Generiek
p.s.	Generiek
P.S.	Generiek
p.w.	Generiek
prof.	Generiek
s.v.p.	Generiek
t.a.v.	Generiek
t.b.v.	Generiek
t.g.v.	Generiek
t.n.v.	Generiek
t.o.v.	Generiek
t.z.t.	Generiek
t/m	Generiek
v.l.n.r.	Generiek
v.v.	Generiek
vlg.	Generiek
vnl.	Generiek
z.g.a.n.	Generiek
z.i.	Generiek
z.o.z.	Generiek
z.s.m.	Generiek
zgn.	Generiek
AE	Internationaal
AF	Internationaal
AFG	Internationaal
AG	Internationaal
AGO	Internationaal
AI	Internationaal
AIA	Internationaal
AL	Internationaal
ALA	Internationaal
ALB	Internationaal
AM	Internationaal
AND	Internationaal
AO	Internationaal
AQ	Internationaal
AR	Internationaal
ARE	Internationaal
ARG	Internationaal
ARM	Internationaal
AS	Internationaal
AT	Internationaal
ATA	Internationaal
ATF	Internationaal
ATG	Internationaal
AU	Internationaal
AUS	Internationaal
AUT	Internationaal
AW	Internationaal
AX	Internationaal
AZE	Internationaal
BD	Internationaal
BDI	Internationaal
BE	Internationaal
BE	Internationaal
BEL	Internationaal
BEN	Internationaal
Benelux	Internationaal
BES	Internationaal
BF	Internationaal
BFA	Internationaal
BG	Internationaal
BGR	Internationaal
BH	Internationaal
BHR	Internationaal
BHS	Internationaal
BI	Internationaal
BIH	Internationaal
BJ	Internationaal
BL	Internationaal
BLM	Internationaal
BLR	Internationaal
BLZ	Internationaal
BM	Internationaal
BMU	Internationaal
BN	Internationaal
BQ	Internationaal
BR	Internationaal
BRA	Internationaal
BRB	Internationaal
BRN	Internationaal
BS	Internationaal
BT	Internationaal
BVT	Internationaal
BWA	Internationaal
BY	Internationaal
BZ	Internationaal
CA	Internationaal
CAF	Internationaal
CAN	Internationaal
CCK	Internationaal
CF	Internationaal
CG	Internationaal
CH	Internationaal
CHE	Internationaal
CHL	Internationaal
CHN	Internationaal
CI	Internationaal
CIV	Internationaal
CK	Internationaal
CL	Internationaal
CMR	Internationaal
CN	Internationaal
CO	Internationaal
COD	Internationaal
COG	Internationaal
COK	Internationaal
COL	Internationaal
COM	Internationaal
CPV	Internationaal
CR	Internationaal
CRI	Internationaal
CTBTO 	Internationaal
CUB	Internationaal
CUW	Internationaal
CW	Internationaal
CX	Internationaal
CXR	Internationaal
CY	Internationaal
CYM	Internationaal
CYP	Internationaal
CZ	Internationaal
CZE	Internationaal
DAW 	Internationaal
DDA 	Internationaal
DE	Internationaal
DEU	Internationaal
DJ	Internationaal
DJI	Internationaal
DK	Internationaal
DM	Internationaal
DMA	Internationaal
DNK	Internationaal
DO	Internationaal
DOM	Internationaal
DZ	Internationaal
DZA	Internationaal
ECA 	Internationaal
ECCA 	Internationaal
ECE 	Internationaal
ECU	Internationaal
EE	Internationaal
EGY	Internationaal
EH	Internationaal
EL	Internationaal
ER	Internationaal
ERI	Internationaal
ES	Internationaal
ESCAP 	Internationaal
ESCWA 	Internationaal
ESH	Internationaal
ESP	Internationaal
EST	Internationaal
ET	Internationaal
ETH	Internationaal
EU	Internationaal
FAO 	Internationaal
FI	Internationaal
FIN	Internationaal
FJ	Internationaal
FJI	Internationaal
FK	Internationaal
FL	Internationaal
FLK	Internationaal
FO	Internationaal
FR	Internationaal
FRA	Internationaal
FRO	Internationaal
FSM	Internationaal
GA	Internationaal
GAB	Internationaal
GB	Internationaal
GBR	Internationaal
GD	Internationaal
GE	Internationaal
GF	Internationaal
GG	Internationaal
GGY	Internationaal
GH	Internationaal
GHA	Internationaal
GI	Internationaal
GIB	Internationaal
GIN	Internationaal
GLP	Internationaal
GM	Internationaal
GMB	Internationaal
GN	Internationaal
GNB	Internationaal
GNQ	Internationaal
GP	Internationaal
GQ	Internationaal
GRC	Internationaal
GRD	Internationaal
GRL	Internationaal
GT	Internationaal
GTM	Internationaal
GU	Internationaal
GUF	Internationaal
GY	Internationaal
HK	Internationaal
HKG	Internationaal
HM	Internationaal
HMD	Internationaal
HN	Internationaal
HND	Internationaal
HRV	Internationaal
HT	Internationaal
HUN	Internationaal
IBRD 	Internationaal
Ict 	Internationaal
ID	Internationaal
IDA 	Internationaal
IDN	Internationaal
IE	Internationaal
IFAD 	Internationaal
IFC 	Internationaal
IL	Internationaal
ILO 	Internationaal
IM	Internationaal
IMF 	Internationaal
IMN	Internationaal
IMO 	Internationaal
IN	Internationaal
IO	Internationaal
IOT	Internationaal
IR	Internationaal
IRL	Internationaal
IRN	Internationaal
IRQ	Internationaal
IS	Internationaal
ISL	Internationaal
ISR	Internationaal
IT	Internationaal
ITA	Internationaal
ITU 	Internationaal
JAM	Internationaal
JE	Internationaal
JEY	Internationaal
JM	Internationaal
JOR	Internationaal
JP	Internationaal
JPN	Internationaal
KAZ	Internationaal
KE	Internationaal
KEN	Internationaal
KG	Internationaal
KGZ	Internationaal
KH	Internationaal
KHM	Internationaal
KIR	Internationaal
KM	Internationaal
KN	Internationaal
KNA	Internationaal
KOR	Internationaal
KP	Internationaal
KR	Internationaal
KW	Internationaal
KWT	Internationaal
KY	Internationaal
KZ	Internationaal
LA	Internationaal
LAO	Internationaal
LB	Internationaal
LBN	Internationaal
LBR	Internationaal
LBY	Internationaal
LC	Internationaal
LCA	Internationaal
LI	Internationaal
LIE	Internationaal
LK	Internationaal
LKA	Internationaal
LR	Internationaal
LS	Internationaal
LSO	Internationaal
LT	Internationaal
LTU	Internationaal
LU	Internationaal
LUX	Internationaal
LV	Internationaal
LVA	Internationaal
LY	Internationaal
MAC	Internationaal
MAF	Internationaal
MAR	Internationaal
MC	Internationaal
MDG	Internationaal
MDV	Internationaal
MEX	Internationaal
MF	Internationaal
MG	Internationaal
MH	Internationaal
MHL	Internationaal
MIGA 	Internationaal
MK	Internationaal
ML	Internationaal
MLI	Internationaal
MLT	Internationaal
MM	Internationaal
MMR	Internationaal
MN	Internationaal
MNE	Internationaal
MNG	Internationaal
MNP	Internationaal
MO	Internationaal
MOZ	Internationaal
MP	Internationaal
MQ	Internationaal
MR	Internationaal
MRT	Internationaal
MSR	Internationaal
MT	Internationaal
MTQ	Internationaal
MU	Internationaal
MUS	Internationaal
MV	Internationaal
MW	Internationaal
MWI	Internationaal
MX	Internationaal
MY	Internationaal
MYS	Internationaal
MYT	Internationaal
MZ	Internationaal
NA	Internationaal
NAM	Internationaal
NC	Internationaal
NCL	Internationaal
NE	Internationaal
NER	Internationaal
NF	Internationaal
NG	Internationaal
NGA	Internationaal
NI	Internationaal
NIC	Internationaal
NIU	Internationaal
NOR	Internationaal
NP	Internationaal
NPL	Internationaal
NR	Internationaal
NRU	Internationaal
NU	Internationaal
NZ	Internationaal
NZL	Internationaal
OIP 	Internationaal
OMN	Internationaal
OPEC	Internationaal
OSAGI 	Internationaal
OSCAL 	Internationaal
PA	Internationaal
PAK	Internationaal
PAN	Internationaal
PCN	Internationaal
PE	Internationaal
PER	Internationaal
PF	Internationaal
PG	Internationaal
PH	Internationaal
PK	Internationaal
PL	Internationaal
PLW	Internationaal
PM	Internationaal
PN	Internationaal
PNG	Internationaal
POL	Internationaal
PR	Internationaal
PRI	Internationaal
PRK	Internationaal
PRT	Internationaal
PRY	Internationaal
PS	Internationaal
PSE	Internationaal
PT	Internationaal
PW	Internationaal
PY	Internationaal
PYF	Internationaal
QA	Internationaal
QAT	Internationaal
RE	Internationaal
REU	Internationaal
RKS	Internationaal
RO	Internationaal
ROU	Internationaal
RS	Internationaal
RSM	Internationaal
RU	Internationaal
RUS	Internationaal
RW	Internationaal
RWA	Internationaal
SA	Internationaal
SAU	Internationaal
SB	Internationaal
SC	Internationaal
SD	Internationaal
SDN	Internationaal
SE	Internationaal
SEN	Internationaal
SG	Internationaal
SGS	Internationaal
SH	Internationaal
SHN	Internationaal
SJ	Internationaal
SJM	Internationaal
SK	Internationaal
SL	Internationaal
SLB	Internationaal
SLE	Internationaal
SLO	Internationaal
SLV	Internationaal
SM	Internationaal
SMR	Internationaal
SOM	Internationaal
SPM	Internationaal
SRB	Internationaal
SS	Internationaal
SSD	Internationaal
ST	Internationaal
STP	Internationaal
SUR	Internationaal
SV	Internationaal
SVK	Internationaal
SVN	Internationaal
SWE	Internationaal
SWZ	Internationaal
SX	Internationaal
SXM	Internationaal
SY	Internationaal
SYC	Internationaal
SYR	Internationaal
TC	Internationaal
TCA	Internationaal
TCD	Internationaal
TD	Internationaal
TF	Internationaal
TGO	Internationaal
THA	Internationaal
TJ	Internationaal
TJK	Internationaal
TK	Internationaal
TKL	Internationaal
TKM	Internationaal
TLS	Internationaal
TM	Internationaal
TN	Internationaal
TO	Internationaal
TON	Internationaal
TR	Internationaal
TT	Internationaal
TUN	Internationaal
TUR	Internationaal
TUV	Internationaal
TWN	Internationaal
TZ	Internationaal
TZA	Internationaal
U.K.	Internationaal
U.S.	Internationaal
U.S.A.	Internationaal
UG	Internationaal
UGA	Internationaal
UK	Internationaal
UK	Internationaal
UKR	Internationaal
UM	Internationaal
UMI	Internationaal
UNAFEI 	Internationaal
UNESCO	Internationaal
UNESCO 	Internationaal
UNFF 	Internationaal
UNFPA 	Internationaal
UNHCR 	Internationaal
UNICEF	Internationaal
UNICEF 	Internationaal
UNIDIR 	Internationaal
UNIDO 	Internationaal
UNIFEM 	Internationaal
UNITAR 	Internationaal
UNOG 	Internationaal
UNON 	Internationaal
UNOV 	Internationaal
UNPAN 	Internationaal
UNRISD 	Internationaal
UNRWA 	Internationaal
UPO 	Internationaal
URY	Internationaal
US	Internationaal
USA	Internationaal
UY	Internationaal
UZ	Internationaal
UZB	Internationaal
VA	Internationaal
VAT	Internationaal
VC	Internationaal
VCT	Internationaal
VE	Internationaal
VEN	Internationaal
VGB	Internationaal
VI	Internationaal
VIR	Internationaal
VN	Internationaal
VNM	Internationaal
VS	Internationaal
VUT	Internationaal
WF	Internationaal
WHO 	Internationaal
WIPO 	Internationaal
WLF	Internationaal
WMO 	Internationaal
WS	Internationaal
WSM	Internationaal
WTO 	Internationaal
XK	Internationaal
XS	Internationaal
YE	Internationaal
YEM	Internationaal
YT	Internationaal
ZA	Internationaal
ZAF	Internationaal
ZM	Internationaal
ZMB	Internationaal
ZWE	Internationaal
AAW	Juridisch
abbb	Juridisch
ABW	Juridisch
ADL	Juridisch
Adw	Juridisch
AKW	Juridisch
AMAR	Juridisch
AMvB	Juridisch
Anw	Juridisch
AOW	Juridisch
APK	Juridisch
APPA	Juridisch
ARAB	Juridisch
ARAR	Juridisch
Arbowet	Juridisch
Arbvo	Juridisch
artt.	Juridisch
ARV	Juridisch
Atw	Juridisch
AV	Juridisch
AVG	Juridisch
Avw	Juridisch
Awb	Juridisch
AWBZ	Juridisch
Awf	Juridisch
AWGB	Juridisch
Awir	Juridisch
AWW	Juridisch
B&W	Juridisch
Bbz	Juridisch
Bopz	Juridisch
BTW	Juridisch
BUPO	Juridisch
bv	Juridisch
BW	Juridisch
cao	Juridisch
CBA	Juridisch
COA	Juridisch
CRvB	Juridisch
CSV	Juridisch
Ctsv	Juridisch
cv	Juridisch
CVZ	Juridisch
CWI	Juridisch
ddp	Juridisch
EAU	Juridisch
ebv	Juridisch
ECHR	Juridisch
ECtHR	Juridisch
EER	Juridisch
EG	Juridisch
EHRM	Juridisch
epv	Juridisch
EVC	Juridisch
EVRM	Juridisch
FinBES	Juridisch
FLO	Juridisch
FNV	Juridisch
FPU	Juridisch
Fw	Juridisch
GAK	Juridisch
GBA	Juridisch
GKB	Juridisch
GUO	Juridisch
Gw	Juridisch
Hsw	Juridisch
IB-Groep	Juridisch
ICCPR	Juridisch
ICESCR	Juridisch
ID-banen	Juridisch
IND	Juridisch
IOAW	Juridisch
IOAZ	Juridisch
IOW	Juridisch
IVA	Juridisch
IVBPR	Juridisch
IVESCR	Juridisch
IWS	Juridisch
JWG	Juridisch
KNIL	Juridisch
KRA	Juridisch
Lisv	Juridisch
nv	Juridisch
OECD	Juridisch
OJ EC	Juridisch
OSCE	Juridisch
OVSE	Juridisch
PbEG	Juridisch
Pemba	Juridisch
PGB	Juridisch
PMA	Juridisch
REA	Juridisch
RIO	Juridisch
ROF	Juridisch
Rvb	Juridisch
RWI	Juridisch
S&O	Juridisch
sofi	Juridisch
Sr	Juridisch
Stb.	Juridisch
Stcrt.	Juridisch
SUWI	Juridisch
SVB	Juridisch
SZ	Juridisch
SZW	Juridisch
TBS	Juridisch
TOG	Juridisch
Trb.	Juridisch
TV	Juridisch
TW	Juridisch
USZO	Juridisch
uvi	Juridisch
UWV	Juridisch
VAR	Juridisch
VCR	Juridisch
VKB	Juridisch
VROM	Juridisch
VT	Juridisch
VVTV	Juridisch
WABM	Juridisch
Wabo	Juridisch
Wajong	Juridisch
WAM	Juridisch
Wamil	Juridisch
WAO	Juridisch
Waz	Juridisch
Wazo	Juridisch
WBIA	Juridisch
Wbp	Juridisch
WBSO	Juridisch
WCKZ	Juridisch
WCPV	Juridisch
WEB	Juridisch
WEP	Juridisch
Wft	Juridisch
Wfv	Juridisch
WGA	Juridisch
WGBO	Juridisch
WGR	Juridisch
WHW	Juridisch
WIA	Juridisch
WIJ	Juridisch
Wik	Juridisch
WION	Juridisch
Wiv	Juridisch
Wiw	Juridisch
WJH	Juridisch
WKA	Juridisch
WKR	Juridisch
WMCZ	Juridisch
WML	Juridisch
Wmo	Juridisch
WOB	Juridisch
WolBES	Juridisch
WOR	Juridisch
Wp2000	Juridisch
Wrb	Juridisch
WRO	Juridisch
Wsg	Juridisch
WSNP	Juridisch
Wsw	Juridisch
WTOS	Juridisch
WTS	Juridisch
WTU-BES	Juridisch
Wubo	Juridisch
Wulbz	Juridisch
Wuv	Juridisch
WVA	Juridisch
Wvg	Juridisch
WVMK	Juridisch
WvS	Juridisch
WVW	Juridisch
WW	Juridisch
WWB	Juridisch
Wwik	Juridisch
ZFW	Juridisch
Zvw	Juridisch
ZW	Juridisch
3FM	Media
AD	Media
AT5	Media
at5	Media
AVRO	Media
b.b.c.	Media
b.n.r.	Media
BBC	Media
BNN	Media
BNR	Media
BOS	Media
C.N.N.	Media
CNN	Media
EO	Media
FM	Media
GSM	Media
http	Media
HTTP	Media
IKON	Media
ISDN	Media
JO	Media
KRO	Media
MAX	Media
MTV	Media
NCRV	Media
NOS	Media
NRC	Media
NTR	Media
OF	Media
PowNed	Media
PP	Media
RKK	Media
RTL	Media
SBS	Media
SZM	Media
TMF	Media
TROS	Media
VARA	Media
VPRO	Media
WNL	Media
www	Media
ZvK	Media
A.V.	Onderwijs
AAO	Onderwijs
ACTB	Onderwijs
AMV	Onderwijs
AN	Onderwijs
ANIOS	Onderwijs
ANSI	Onderwijs
AOB	Onderwijs
AOC	Onderwijs
APS	Onderwijs
ARA	Onderwijs
ARIE	Onderwijs
ASM	Onderwijs
aso	Onderwijs
avo	Onderwijs
B.S.A.	Onderwijs
BA	Onderwijs
bacc.	Onderwijs
BAMA	Onderwijs
banaba	Onderwijs
BANDAN	Onderwijs
bao	Onderwijs
BB	Onderwijs
BBA	Onderwijs
bbl	Onderwijs
BBP	Onderwijs
bc.	Onderwijs
BEd	Onderwijs
BEng	Onderwijs
BIS	Onderwijs
BKO	Onderwijs
BLL	Onderwijs
BLO	Onderwijs
BO	Onderwijs
BOA	Onderwijs
bol	Onderwijs
BON	Onderwijs
BPV	Onderwijs
BRAIN	Onderwijs
BSA	Onderwijs
BSc	Onderwijs
Bsc.	Onderwijs
BSO	Onderwijs
BTK	Onderwijs
buo	Onderwijs
buso	Onderwijs
bve	Onderwijs
BVL	Onderwijs
BWV	Onderwijs
BZL	Onderwijs
C.C.E.P.	Onderwijs
c.i.	Onderwijs
C.K.V.	Onderwijs
c.l.	Onderwijs
CABO	Onderwijs
cand.	Onderwijs
cdo	Onderwijs
CFI	Onderwijs
Cito	Onderwijs
CIUF	Onderwijs
ckv	Onderwijs
CLB	Onderwijs
CLIL	Onderwijs
Colo	Onderwijs
COO	Onderwijs
CROHO	Onderwijs
dra.	Onderwijs
DUO	Onderwijs
Ecabo	Onderwijs
ECTS	Onderwijs
EFTA	Onderwijs
EgO	Onderwijs
Elo	Onderwijs
EQUIS	Onderwijs
h.a.v.o.	Onderwijs
h.b.o.	Onderwijs
h.b.s.	Onderwijs
h.e.a.o.	Onderwijs
H.t.s.	Onderwijs
havo	Onderwijs
HBO	Onderwijs
hbs	Onderwijs
HEAO	Onderwijs
HHS	Onderwijs
HIVA	Onderwijs
HLO	Onderwijs
ho	Onderwijs
HOBU	Onderwijs
HoGent	Onderwijs
HTI	Onderwijs
Hts	Onderwijs
HU	Onderwijs
i.v.b.o.	Onderwijs
ing.	Onderwijs
IOn	Onderwijs
IPTO	Onderwijs
ir.	Onderwijs
IVBO	Onderwijs
Kadoc	Onderwijs
KASK	Onderwijs
KATHO	Onderwijs
KB	Onderwijs
kcv	Onderwijs
KHBO	Onderwijs
KHLim	Onderwijs
KIvI	Onderwijs
KMA	Onderwijs
KMS	Onderwijs
KOPP	Onderwijs
KSO	Onderwijs
KUB	Onderwijs
Kulak	Onderwijs
l.b.o.	Onderwijs
l.E.A.O.	Onderwijs
L.O.M.	Onderwijs
L.T.S.	Onderwijs
lbo	Onderwijs
lco	Onderwijs
LEAO	Onderwijs
LEI	Onderwijs
LERU	Onderwijs
lhno	Onderwijs
lic.	Onderwijs
LIO	Onderwijs
Litt.	Onderwijs
LLB	Onderwijs
LLL	Onderwijs
LLM	Onderwijs
llt	Onderwijs
LNV	Onderwijs
lo	Onderwijs
LOI	Onderwijs
lom	Onderwijs
LOOA	Onderwijs
Lts	Onderwijs
lvs	Onderwijs
lwoo	Onderwijs
m.a.v.o.	Onderwijs
m.b.o.	Onderwijs
m.e.a.o.	Onderwijs
M.T.S.	Onderwijs
M.U.L.O.	Onderwijs
MA	Onderwijs
MANAMA	Onderwijs
mavo	Onderwijs
MBA	Onderwijs
MBO	Onderwijs
mco	Onderwijs
MD	Onderwijs
mdgo	Onderwijs
MEAO	Onderwijs
MLO	Onderwijs
mms	Onderwijs
MPhil	Onderwijs
Mr.	Onderwijs
MSc	Onderwijs
Msc.	Onderwijs
MSOG	Onderwijs
MTRO	Onderwijs
Mts	Onderwijs
Mulo	Onderwijs
NAi	Onderwijs
NGT	Onderwijs
NIOD	Onderwijs
NLO	Onderwijs
NOB	Onderwijs
NTI	Onderwijs
NUHO	Onderwijs
o.b.s.	Onderwijs
O.L.S.	Onderwijs
obs	Onderwijs
OCMW	Onderwijs
OCW	Onderwijs
OESO	Onderwijs
OOO	Onderwijs
OSG	Onderwijs
PAB	Onderwijs
PABO	Onderwijs
PAV	Onderwijs
PDB	Onderwijs
PDI	Onderwijs
PGGM	Onderwijs
Pharmd	Onderwijs
PhD	Onderwijs
Phd.	Onderwijs
Phil.	Onderwijs
PHL	Onderwijs
PIH	Onderwijs
PISA	Onderwijs
ppc	Onderwijs
Pres.	Onderwijs
prof.em.	Onderwijs
PTA	Onderwijs
r.s.g.	Onderwijs
RA	Onderwijs
RKD	Onderwijs
ROA	Onderwijs
ROC	Onderwijs
RTC	Onderwijs
RUG	Onderwijs
RUL	Onderwijs
sbao	Onderwijs
SBO	Onderwijs
SBU	Onderwijs
SER	Onderwijs
SERV	Onderwijs
SI	Onderwijs
SIOD	Onderwijs
SKEPP	Onderwijs
SMART	Onderwijs
so	Onderwijs
SOG	Onderwijs
SON	Onderwijs
StuFi	Onderwijs
SVT	Onderwijs
TEW	Onderwijs
TH	Onderwijs
TIMSS	Onderwijs
TL	Onderwijs
TNO	Onderwijs
TOA	Onderwijs
TOAH	Onderwijs
TSO	Onderwijs
tto	Onderwijs
TUD	Onderwijs
UA	Onderwijs
UB	Onderwijs
Ufsia	Onderwijs
ULB	Onderwijs
ULg	Onderwijs
ulo	Onderwijs
UT	Onderwijs
UU	Onderwijs
UVA	Onderwijs
v.b.o.	Onderwijs
v.m.b.o.	Onderwijs
V.U.	Onderwijs
VAO	Onderwijs
vavo	Onderwijs
vbo	Onderwijs
VCOS	Onderwijs
VCOV	Onderwijs
VDAB	Onderwijs
VITO	Onderwijs
VIZO	Onderwijs
VLHORA	Onderwijs
VLIR	Onderwijs
VLOR	Onderwijs
vmbo	Onderwijs
vmbo-bb	Onderwijs
vmbo-gl	Onderwijs
vmbo-t	Onderwijs
vo	Onderwijs
VOT	Onderwijs
VSK	Onderwijs
VSKO	Onderwijs
vso	Onderwijs
VTB	Onderwijs
VU	Onderwijs
VUB	Onderwijs
VVE	Onderwijs
VVKBaO	Onderwijs
VVKBuO	Onderwijs
VVKHO	Onderwijs
VVKSO	Onderwijs
VVL	Onderwijs
vwo	Onderwijs
w.o.	Onderwijs
WAIS	Onderwijs
WENK	Onderwijs
WO	Onderwijs
WPPSI	Onderwijs
WUR	Onderwijs
Z.M.L.K.	Onderwijs
Z.M.O.K.	Onderwijs
50	Overheid_Politiek
A.I.D.	Overheid_Politiek
ABD	Overheid_Politiek
ABP	Overheid_Politiek
ABVV	Overheid_Politiek
ACFA	Overheid_Politiek
ACOM	Overheid_Politiek
ACTA	Overheid_Politiek
ACV	Overheid_Politiek
ADAV	Overheid_Politiek
AfD	Overheid_Politiek
AGP	Overheid_Politiek
AIVD	Overheid_Politiek
AJC	Overheid_Politiek
AMA	Overheid_Politiek
ANB	Overheid_Politiek
AP	Overheid_Politiek
APD	Overheid_Politiek
APEC	Overheid_Politiek
APPD	Overheid_Politiek
ARP	Overheid_Politiek
ASEAN	Overheid_Politiek
AUF	Overheid_Politiek
AViP	Overheid_Politiek
B.S.	Overheid_Politiek
B.W.	Overheid_Politiek
BBI	Overheid_Politiek
BGD	Overheid_Politiek
BIG	Overheid_Politiek
BIW	Overheid_Politiek
BKR	Overheid_Politiek
BOB	Overheid_Politiek
BP	Overheid_Politiek
BRT	Overheid_Politiek
BSN	Overheid_Politiek
BüSo	Overheid_Politiek
BuZa	Overheid_Politiek
BVD	Overheid_Politiek
BVR	Overheid_Politiek
CBR	Overheid_Politiek
CC	Overheid_Politiek
CD	Overheid_Politiek
CD&V	Overheid_Politiek
CDA	Overheid_Politiek
CDU	Overheid_Politiek
CEP	Overheid_Politiek
CHU	Overheid_Politiek
CIA	Overheid_Politiek
CM	Overheid_Politiek
CNV	Overheid_Politiek
COCO	Overheid_Politiek
CP	Overheid_Politiek
CPB	Overheid_Politiek
CPN	Overheid_Politiek
CSU	Overheid_Politiek
CTC	Overheid_Politiek
CU	Overheid_Politiek
D66	Overheid_Politiek
DB	Overheid_Politiek
Dep(t)	Overheid_Politiek
DKP	Overheid_Politiek
DP	Overheid_Politiek
DS'70	Overheid_Politiek
DSU	Overheid_Politiek
DVU	Overheid_Politiek
EC	Overheid_Politiek
ECB	Overheid_Politiek
ECOWAS	Overheid_Politiek
EEG	Overheid_Politiek
EGKS	Overheid_Politiek
EMS	Overheid_Politiek
EMU	Overheid_Politiek
ERTS	Overheid_Politiek
ETSI	Overheid_Politiek
EUR	Overheid_Politiek
EVA	Overheid_Politiek
EVP	Overheid_Politiek
EVV	Overheid_Politiek
FBI	Overheid_Politiek
FDP	Overheid_Politiek
fgov	Overheid_Politiek
FIOD	Overheid_Politiek
FLN	Overheid_Politiek
FNP	Overheid_Politiek
FWD	Overheid_Politiek
G.A.B.	Overheid_Politiek
G.G.	Overheid_Politiek
G.S.	Overheid_Politiek
GATS	Overheid_Politiek
GATT	Overheid_Politiek
GL	Overheid_Politiek
GPD	Overheid_Politiek
GPV	Overheid_Politiek
GS	Overheid_Politiek
H.K.H.	Overheid_Politiek
H.M.	Overheid_Politiek
HBVL	Overheid_Politiek
IMF	Overheid_Politiek
intern.	Overheid_Politiek
Interpol	Overheid_Politiek
IOC	Overheid_Politiek
IPD	Overheid_Politiek
ISC	Overheid_Politiek
ISO	Overheid_Politiek
ISO-code	Overheid_Politiek
JAC	Overheid_Politiek
JD	Overheid_Politiek
JNM	Overheid_Politiek
K.B.	Overheid_Politiek
K.M.	Overheid_Politiek
K.v.K.	Overheid_Politiek
KCT	Overheid_Politiek
KGB	Overheid_Politiek
KI	Overheid_Politiek
KL	Overheid_Politiek
KLM	Overheid_Politiek
KLPD	Overheid_Politiek
KLu	Overheid_Politiek
KMO	Overheid_Politiek
KNMI	Overheid_Politiek
Kon.	Overheid_Politiek
KPD	Overheid_Politiek
KPJ	Overheid_Politiek
KVP	Overheid_Politiek
KvW	Overheid_Politiek
LD	Overheid_Politiek
LDPD	Overheid_Politiek
LPF	Overheid_Politiek
LTO	Overheid_Politiek
MDU	Overheid_Politiek
ME	Overheid_Politiek
MEV	Overheid_Politiek
MKZ	Overheid_Politiek
MLPD	Overheid_Politiek
MPLA	Overheid_Politiek
MUD	Overheid_Politiek
N.Br.	Overheid_Politiek
N.H.	Overheid_Politiek
NAVO	Overheid_Politiek
NCPN	Overheid_Politiek
NL	Overheid_Politiek
NPD	Overheid_Politiek
NSB	Overheid_Politiek
NSDAP	Overheid_Politiek
ÖDP	Overheid_Politiek
ÖkoLinx	Overheid_Politiek
OM	Overheid_Politiek
OSF	Overheid_Politiek
OV	Overheid_Politiek
OVV	Overheid_Politiek
PBC	Overheid_Politiek
PGZ	Overheid_Politiek
PPR	Overheid_Politiek
prov.	Overheid_Politiek
PSG	Overheid_Politiek
PSP	Overheid_Politiek
PvdA	Overheid_Politiek
PvdD	Overheid_Politiek
PvdV	Overheid_Politiek
PVM	Overheid_Politiek
PVV	Overheid_Politiek
RAF	Overheid_Politiek
RARA	Overheid_Politiek
RDW	Overheid_Politiek
REKAM	Overheid_Politiek
REP	Overheid_Politiek
RIZIV	Overheid_Politiek
RKPN	Overheid_Politiek
RNI	Overheid_Politiek
RPF	Overheid_Politiek
RSB	Overheid_Politiek
RVA	Overheid_Politiek
RVD	Overheid_Politiek
RVV	Overheid_Politiek
RWV	Overheid_Politiek
SDAP	Overheid_Politiek
SEC	Overheid_Politiek
SGP	Overheid_Politiek
SIS	Overheid_Politiek
SP	Overheid_Politiek
SP-a	Overheid_Politiek
SPV	Overheid_Politiek
SSW	Overheid_Politiek
TROTS	Overheid_Politiek
UAP	Overheid_Politiek
UNO	Overheid_Politiek
V.S.	Overheid_Politiek
VCP	Overheid_Politiek
VDB	Overheid_Politiek
VEV	Overheid_Politiek
VIM	Overheid_Politiek
VLAFO	Overheid_Politiek
VLD	Overheid_Politiek
VLOTT	Overheid_Politiek
VRT	Overheid_Politiek
VSP	Overheid_Politiek
VVD	Overheid_Politiek
VVSG	Overheid_Politiek
A.B.N.	Overig
ABN	Overig
ADSL	Overig
AGOVV	Overig
ANBI 	Overig
ANWB	Overig
AZ	Overig
B.P.	Overig
BMW	Overig
BP	Overig
CBF	Overig
CE	Overig
CSM	Overig
DHL	Overig
EQ	Overig
GHB	Overig
IQ	Overig
KEMA	Overig
KPI	Overig
KPMG	Overig
N.E.C.	Overig
N.S.	Overig
NAC	Overig
Nac	Overig
NEC	Overig
Nec	Overig
NS	Overig
PDF	Overig
pdf	Overig
Pec	Overig
PEC	Overig
PHP	Overig
PIN	Overig
PSV	Overig
PWC	Overig
PWHC	Overig
Q8	Overig
RAM	Overig
RKC	Overig
TFT	Overig
TNT	Overig
Visa	Overig
VISA	Overig
VVV	Overig
XML	Overig
adhd	Zorg
ADHD	Zorg
a.d.d.	Zorg
A.D.D.	Zorg
A.d.d.	Zorg
a.d.h.d.	Zorg
A.D.H.D.	Zorg
A.d.h.d.	Zorg
A.I.D.S.	Zorg
A.i.d.s.	Zorg
a.i.d.s.	Zorg
ABCZ	Zorg
ABNG-2000	Zorg
ABPI	Zorg
ABSG	Zorg
ACB	Zorg
Acron	Zorg
Add	Zorg
add	Zorg
ADD	Zorg
Add	Zorg
ADF	Zorg
Adhd	Zorg
AFA	Zorg
AHC	Zorg
AIDS	Zorg
aids	Zorg
Aids	Zorg
AIFD	Zorg
AIMMS	Zorg
AIPM	Zorg
ALS	Zorg
AMC	Zorg
ANGO	Zorg
ANT	Zorg
ANVC	Zorg
ANVVB	Zorg
AOV	Zorg
APCP	Zorg
Apifarma	Zorg
APZ	Zorg
ARC	Zorg
ARPIM	Zorg
ASAT	Zorg
ASD	Zorg
ASKA	Zorg
ASS	Zorg
ASW	Zorg
ATN	Zorg
AVN	Zorg
AVS	Zorg
azM	Zorg
Balans	Zorg
BION	Zorg
BMT	Zorg
BNE	Zorg
Bogin	Zorg
BOSK	Zorg
BoZ	Zorg
BTB	Zorg
BTN	Zorg
BVA	Zorg
BVN	Zorg
BZK	Zorg
BZW	Zorg
CAD	Zorg
CAK	Zorg
CAPC	Zorg
CARPC	Zorg
CBD	Zorg
CBG	Zorg
CBO	Zorg
CBP	Zorg
CBS	Zorg
CCKL	Zorg
CCMO	Zorg
CCUVN	Zorg
CEG	Zorg
CEN	Zorg
CG-Raad	Zorg
CHBB	Zorg
CHMP	Zorg
CIb	Zorg
CIBG	Zorg
CIZ	Zorg
CKP	Zorg
COS	Zorg
COSBO	Zorg
CRO	Zorg
CRoSS	Zorg
CSG	Zorg
CTG	Zorg
CTMM	Zorg
CVC	Zorg
CZG	Zorg
DCC	Zorg
DCTF	Zorg
DEC	Zorg
DGV	Zorg
DIVV	Zorg
DMO	Zorg
DNN	Zorg
DRO	Zorg
DSM-IV	Zorg
DVN	Zorg
DWI	Zorg
DZS	Zorg
EBE	Zorg
ECCO	Zorg
ECVAM	Zorg
EFA	Zorg
EFPIA	Zorg
EIG	Zorg
EMEA	Zorg
EphMRA	Zorg
ESMO	Zorg
EVN	Zorg
EZ	Zorg
FBG	Zorg
FCIO	Zorg
FDA	Zorg
FES	Zorg
FHI	Zorg
FIGON	Zorg
FNT	Zorg
fodok	Zorg
FOSS	Zorg
FPK	Zorg
FSB	Zorg
FvO	Zorg
GGD	Zorg
GGZ	Zorg
Gr	Zorg
GVB	Zorg
GVI	Zorg
HKZ	Zorg
HSN	Zorg
HV	Zorg
IAPO	Zorg
IBS	Zorg
IBZW	Zorg
ICF	Zorg
ICG	Zorg
ICIDH	Zorg
ICT	Zorg
IFPMA	Zorg
IGZ	Zorg
IKC	Zorg
IMSZ	Zorg
iMTA	Zorg
Infarma	Zorg
INOVIA	Zorg
IOBK	Zorg
IOCOB	Zorg
IPHA	Zorg
IRO	Zorg
ISPE	Zorg
ITS	Zorg
IVO	Zorg
JPD	Zorg
KAMG	Zorg
KBCZ	Zorg
KLEM	Zorg
KNAW	Zorg
KNCV	Zorg
KNGF	Zorg
KNMG	Zorg
KNMP	Zorg
KNO	Zorg
KNOV	Zorg
KT	Zorg
KVHN	Zorg
KWF	Zorg
LACDR	Zorg
LAD	Zorg
Lareb	Zorg
LCI	Zorg
LEEM	Zorg
LFB	Zorg
LGF	Zorg
LHV	Zorg
LIF	Zorg
LMI	Zorg
LRCB	Zorg
LSBS	Zorg
LSOVD	Zorg
LUMC	Zorg
LVB	Zorg
LVG	Zorg
MAMH	Zorg
MCDD	Zorg
MDA	Zorg
MDK	Zorg
MDL	Zorg
MED	Zorg
MEE	Zorg
mhra	Zorg
MKD	Zorg
MKT	Zorg
MLDS	Zorg
MOB	Zorg
MS	Zorg
MSRC	Zorg
MSVN	Zorg
NAP	Zorg
NAPA	Zorg
NBV	Zorg
NCA	Zorg
NCFS	Zorg
NCV	Zorg
NCvB	Zorg
NDF	Zorg
Nefarma	Zorg
Nefemed	Zorg
NEN	Zorg
Neprofarm	Zorg
NFIA	Zorg
NFK	Zorg
NFN	Zorg
NFU	Zorg
NFZP	Zorg
NHB	Zorg
NHG	Zorg
NHS	Zorg
NIA	Zorg
Niaba	Zorg
NIBI	Zorg
NICE	Zorg
Nictiz	Zorg
NIGZ	Zorg
NIN	Zorg
NIV	Zorg
NIVEL	Zorg
NIZW	Zorg
NKI	Zorg
NLD	Zorg
NLNet	Zorg
NLV	Zorg
NMa	Zorg
NMS	Zorg
NMT	Zorg
NOG	Zorg
NOMA	Zorg
NOV	Zorg
NP/CF	Zorg
NPCF	Zorg
NSN	Zorg
NTS	Zorg
NTV	Zorg
NVA	Zorg
NVAB	Zorg
NVACP	Zorg
NVALT	Zorg
NVASP	Zorg
NVAVG	Zorg
NVB	Zorg
NVBS	Zorg
NVCG	Zorg
NVCZ	Zorg
NVDEC	Zorg
NVDV	Zorg
NVECP	Zorg
NVF	Zorg
NVFG	Zorg
NVG	Zorg
NVGG	Zorg
NVGP	Zorg
NVH	Zorg
NVI	Zorg
NVIC	Zorg
NVK	Zorg
NVKC	Zorg
NVKF	Zorg
NVKF&B	Zorg
NVKG	Zorg
NVKNF	Zorg
NVLE	Zorg
NVMETC	Zorg
NVMKA	Zorg
NVMM	Zorg
NVMO	Zorg
NVN	Zorg
NVNG	Zorg
NVNP	Zorg
NVOG	Zorg
NVP	Zorg
NVPC	Zorg
NVPD	Zorg
NVR	Zorg
NVRO	Zorg
NVSMC	Zorg
NVSP	Zorg
NVU	Zorg
NVvA	Zorg
NVvC	Zorg
NVvH	Zorg
NVvHP	Zorg
NVVI	Zorg
NVVM	Zorg
NVvN	Zorg
NVvO	Zorg
NVvP	Zorg
NVvR	Zorg
NVVS	Zorg
NVvV	Zorg
NVWF	Zorg
NVZ	Zorg
NVZA	Zorg
NZa	Zorg
OAR	Zorg
OBA	Zorg
OC&W	Zorg
OCD	Zorg
ODD	Zorg
OGGZ	Zorg
OHE	Zorg
OK	Zorg
OMS	Zorg
OPDC	Zorg
OSA	Zorg
OTS	Zorg
PAAZ	Zorg
PBAC	Zorg
PCI	Zorg
PDD	Zorg
Pdd-nos	Zorg
PDD-NOS	Zorg
Pdd-Nos	Zorg
PDD-NOS	Zorg
PI	Zorg
PIJ	Zorg
POS	Zorg
PPCF	Zorg
PPG	Zorg
PPZ	Zorg
PRN	Zorg
PUK	Zorg
PZ	Zorg
RAR	Zorg
RCA	Zorg
REC	Zorg
RGO	Zorg
RIAGG	Zorg
RIBIZ	Zorg
RIVM	Zorg
RM	Zorg
RMW	Zorg
ROMG	Zorg
RSI	Zorg
RVG	Zorg
RVZ	Zorg
SAFS	Zorg
SAN	Zorg
SCP	Zorg
SCT	Zorg
SFEE	Zorg
SFK	Zorg
SGOA	Zorg
SHON	Zorg
SID	Zorg
SIGRA	Zorg
SKP	Zorg
SMA	Zorg
SMT	Zorg
SN	Zorg
SNPG	Zorg
SPD	Zorg
SSIC	Zorg
STSN	Zorg
SWAB	Zorg
TBA	Zorg
TG	Zorg
TGV	Zorg
UMCG	Zorg
UvV	Zorg
VAGZ	Zorg
VAL	Zorg
Valys	Zorg
VDA	Zorg
VES	Zorg
VFA	Zorg
VG	Zorg
VGBC	Zorg
VGN	Zorg
VHV	Zorg
VIA	Zorg
VIP	Zorg
VKGN	Zorg
VMCE	Zorg
VMDB	Zorg
VMDG	Zorg
VNCI	Zorg
VNG	Zorg
VOI	Zorg
VOV	Zorg
VRA	Zorg
VSOP	Zorg
VUmc	Zorg
VVA	Zorg
VvAA	Zorg
VVGN	Zorg
VWA	Zorg
VWS	Zorg
WEC	Zorg
WHO	Zorg
WHOCC	Zorg
WRR	Zorg
ZN	Zorg
ZonMw	Zorg
